PS C:\Users\Lenovo\Desktop\GitHub\C_activity_sets\set03> gcc problem03.c
PS C:\Users\Lenovo\Desktop\GitHub\C_activity_sets\set03> 7git add .
7git : The term '7git' is not recognized as the name of a cmdlet, function, script file, or operable program. Check the spelling of the name, or 
if a path was included, verify that the path is correct and try again.
At line:1 char:1
+ 7git add .
+ ~~~~
    + CategoryInfo          : ObjectNotFound: (7git:String) [], CommandNotFoundException
    + FullyQualifiedErrorId : CommandNotFoundException

PS C:\Users\Lenovo\Desktop\GitHub\C_activity_sets\set03> git add .
PS C:\Users\Lenovo\Desktop\GitHub\C_activity_sets\set03> git commit -m "test"
[main bfc37a5] test
 1 file changed, 43 insertions(+)
PS C:\Users\Lenovo\Desktop\GitHub\C_activity_sets\set03> gcc -g -O0 problem03.c -o problem03.exe
PS C:\Users\Lenovo\Desktop\GitHub\C_activity_sets\set03> ./a.exe
Enter a number:4
4 is a prime number
PS C:\Users\Lenovo\Desktop\GitHub\C_activity_sets\set03> gdb ./problem03.exe
GNU gdb (GDB) 7.6.1
Copyright (C) 2013 Free Software Foundation, Inc.
License GPLv3+: GNU GPL version 3 or later <http://gnu.org/licenses/gpl.html>
This is free software: you are free to change and redistribute it.
There is NO WARRANTY, to the extent permitted by law.  Type "show copying"
and "show warranty" for details.
This GDB was configured as "mingw32".
For bug reporting instructions, please see:
<http://www.gnu.org/software/gdb/bugs/>...
Reading symbols from C:\Users\Lenovo\Desktop\GitHub\C_activity_sets\set03\problem03.exe...done.
(gdb) b main
Breakpoint 1 at 0x40146e: file problem03.c, line 11.
(gdb) r
Starting program: C:\Users\Lenovo\Desktop\GitHub\C_activity_sets\set03/./problem03.exe 
[New Thread 25524.0x2124]
[New Thread 25524.0x18e4]

Breakpoint 1, main () at problem03.c:11
11          int num = input_number();
(gdb) s
input_number () at problem03.c:20
20          printf("Enter a number:");
(gdb) s
Enter a number:21           scanf("%d", &num);
(gdb) s
s
22          return num;
(gdb) n
23      }
(gdb) quit
A debugging session is active.

        Inferior 1 [process 25524] will be killed.

Quit anyway? (y or n) y
error return ../../gdb-7.6.1/gdb/windows-nat.c:1275 was 5
PS C:\Users\Lenovo\Desktop\GitHub\C_activity_sets\set03> 