PS C:\Users\Lenovo\Documents\GitHub\C_activity_sets\set01> git commit -m "test"
[main 9e9470e] test
 1 file changed, 30 insertions(+)
PS C:\Users\Lenovo\Documents\GitHub\C_activity_sets\set01> git push
Enumerating objects: 7, done.
Counting objects: 100% (7/7), done.
Delta compression using up to 8 threads
Compressing objects: 100% (4/4), done.
Writing objects: 100% (4/4), 548 bytes | 548.00 KiB/s, done.
Total 4 (delta 2), reused 0 (delta 0), pack-reused 0
remote: Resolving deltas: 100% (2/2), completed with 2 local objects.
To https://github.com/Kusuma-glitch/C_activity_sets.git
   b893b1c..9e9470e  main -> main
PS C:\Users\Lenovo\Documents\GitHub\C_activity_sets\set01> gcc problem01.c -O0 -g
PS C:\Users\Lenovo\Documents\GitHub\C_activity_sets\set01> gdb a.exe
GNU gdb (GDB) 7.6.1
Copyright (C) 2013 Free Software Foundation, Inc.
License GPLv3+: GNU GPL version 3 or later <http://gnu.org/licenses/gpl.html>
This is free software: you are free to change and redistribute it.
There is NO WARRANTY, to the extent permitted by law.  Type "show copying"
and "show warranty" for details.
This GDB was configured as "mingw32".
For bug reporting instructions, please see:
<http://www.gnu.org/software/gdb/bugs/>...
Reading symbols from C:\Users\Lenovo\Documents\GitHub\C_activity_sets\set01\a.exe...done.
(gdb) b main
Breakpoint 1 at 0x40146e: file problem01.c, line 5.
(gdb) r
Starting program: C:\Users\Lenovo\Documents\GitHub\C_activity_sets\set01/a.exe
[New Thread 7052.0x5408]
[New Thread 7052.0x3994]

Breakpoint 1, main () at problem01.c:5
5       printf("My name is Kusuma/n");
(gdb) s
My name is Kusuma/n6    return 0;
(gdb) s
7       }(gdb) s
0x00401288 in __register_frame_info ()
(gdb) quit
A debugging session is active.

        Inferior 1 [process 7052] will be killed.

Quit anyway? (y or n) y   
error return ../../gdb-7.6.1/gdb/windows-nat.c:1275 was 5
PS C:\Users\Lenovo\Documents\GitHub\C_activity_sets\set01> 