PS C:\Users\Lenovo\Documents\GitHub\C_activity_sets\set01> gcc problem12.c -O0 -g
PS C:\Users\Lenovo\Documents\GitHub\C_activity_sets\set01> gdb a.exe
GNU gdb (GDB) 7.6.1
Copyright (C) 2013 Free Software Foundation, Inc.
License GPLv3+: GNU GPL version 3 or later <http://gnu.org/licenses/gpl.html>
This is free software: you are free to change and redistribute it.
There is NO WARRANTY, to the extent permitted by law.  Type "show copying"
and "show warranty" for details.
This GDB was configured as "mingw32".
For bug reporting instructions, please see:
<http://www.gnu.org/software/gdb/bugs/>...
Reading symbols from C:\Users\Lenovo\Documents\GitHub\C_activity_sets\set01\a.exe...done.
(gdb) b main
Breakpoint 1 at 0x401477: file problem12.c, line 17.
(gdb) r
Starting program: C:\Users\Lenovo\Documents\GitHub\C_activity_sets\set01/a.exe
[New Thread 9656.0x552c]
[New Thread 9656.0x3ee8]

Breakpoint 1, 0x00401477 in main () at problem12.c:17
17      {
(gdb) s
18          int n = get_n();
(gdb) s
get_n () at problem12.c:28
28          printf("Enter the number of complex numbers : ");
(gdb) s
Enter the number of complex numbers : 29            scanf("%d", &n);
(gdb) s
quit
30          return n;
(gdb) quit
A debugging session is active.

        Inferior 1 [process 9656] will be killed.

Quit anyway? (y or n) y
error return ../../gdb-7.6.1/gdb/windows-nat.c:1275 was 5
PS C:\Users\Lenovo\Documents\GitHub\C_activity_sets\set01> 