PS C:\Users\Lenovo\Documents\GitHub\C_activity_sets\set01> gcc problem10.c -O0 -g
PS C:\Users\Lenovo\Documents\GitHub\C_activity_sets\set01> gdb a.exe
GNU gdb (GDB) 7.6.1
Copyright (C) 2013 Free Software Foundation, Inc.
License GPLv3+: GNU GPL version 3 or later <http://gnu.org/licenses/gpl.html>
This is free software: you are free to change and redistribute it.
There is NO WARRANTY, to the extent permitted by law.  Type "show copying"
and "show warranty" for details.
This GDB was configured as "mingw32".
For bug reporting instructions, please see:
<http://www.gnu.org/software/gdb/bugs/>...
Reading symbols from C:\Users\Lenovo\Documents\GitHub\C_activity_sets\set01\a.exe...done.
(gdb) b main
Breakpoint 1 at 0x401471: file problem10.c, line 9.
(gdb) r
Starting program: C:\Users\Lenovo\Documents\GitHub\C_activity_sets\set01/a.exe
[New Thread 23904.0x1e34]
[New Thread 23904.0x6064]

Breakpoint 1, main () at problem10.c:9
9           input_two_strings(string1,string2);
(gdb) s
input_two_strings (string1=0x61feb8 "\034"\034vü_a", string2=0x61fe54 "?¢°r"_a") at problem10.c:16
16          printf("enter the first string");
(gdb) s
enter the first string17            scanf("%s",string1);
(gdb) s
quit
18          printf("wnter the secomd string");
(gdb) quit
A debugging session is active.

        Inferior 1 [process 23904] will be killed.

Quit anyway? (y or n) y
error return ../../gdb-7.6.1/gdb/windows-nat.c:1275 was 5
PS C:\Users\Lenovo\Documents\GitHub\C_activity_sets\set01>