PS C:\Users\Lenovo\Documents\GitHub\C_activity_sets\set01> git commit -m "test"
[main c07764f] test
 1 file changed, 46 insertions(+)
PS C:\Users\Lenovo\Documents\GitHub\C_activity_sets\set01> git push
Enumerating objects: 7, done.
Counting objects: 100% (7/7), done.
Delta compression using up to 8 threads
Compressing objects: 100% (4/4), done.
Writing objects: 100% (4/4), 638 bytes | 638.00 KiB/s, done.
Total 4 (delta 2), reused 0 (delta 0), pack-reused 0
remote: Resolving deltas: 100% (2/2), completed with 2 local objects.
To https://github.com/Kusuma-glitch/C_activity_sets.git
   cf5767d..c07764f  main -> main
PS C:\Users\Lenovo\Documents\GitHub\C_activity_sets\set01> gcc problem08.c -O0 -g 
PS C:\Users\Lenovo\Documents\GitHub\C_activity_sets\set01> gdb a.exe
GNU gdb (GDB) 7.6.1
Copyright (C) 2013 Free Software Foundation, Inc.
License GPLv3+: GNU GPL version 3 or later <http://gnu.org/licenses/gpl.html>
This is free software: you are free to change and redistribute it.
There is NO WARRANTY, to the extent permitted by law.  Type "show copying"
and "show warranty" for details.
This GDB was configured as "mingw32".
For bug reporting instructions, please see:
<http://www.gnu.org/software/gdb/bugs/>...
Reading symbols from C:\Users\Lenovo\Documents\GitHub\C_activity_sets\set01\a.exe...done.
(gdb) b main
Breakpoint 1 at 0x401477: file problem08.c, line 9.
(gdb) r
Starting program: C:\Users\Lenovo\Documents\GitHub\C_activity_sets\set01/a.exe
[New Thread 7920.0x2f98]
[New Thread 7920.0x1af4]

Breakpoint 1, 0x00401477 in main () at problem08.c:9
9       {
(gdb) s
11          n = input_array_size();
(gdb) s
input_array_size () at problem08.c:21
21          printf("enter a value:");
(gdb) s
enter a value:22            scanf("%d",&x);
(gdb) s
quit
23          return x;
(gdb) quit
A debugging session is active.

        Inferior 1 [process 7920] will be killed.

Quit anyway? (y or n) y
error return ../../gdb-7.6.1/gdb/windows-nat.c:1275 was 5
PS C:\Users\Lenovo\Documents\GitHub\C_activity_sets\set01>