PS C:\Users\Lenovo\Documents\GitHub\C_activity_sets\set01> gcc problem01.c -O0 -g
c:/mingw/bin/../lib/gcc/mingw32/6.3.0/../../../../mingw32/bin/ld.exe: cannot open output file a.exe: Permission denied
collect2.exe: error: ld returned 1 exit status
PS C:\Users\Lenovo\Documents\GitHub\C_activity_sets\set01> gdb a.exe
GNU gdb (GDB) 7.6.1
Copyright (C) 2013 Free Software Foundation, Inc.
License GPLv3+: GNU GPL version 3 or later <http://gnu.org/licenses/gpl.html>
This is free software: you are free to change and redistribute it.
There is NO WARRANTY, to the extent permitted by law.  Type "show copying"
and "show warranty" for details.
This GDB was configured as "mingw32".
For bug reporting instructions, please see:
<http://www.gnu.org/software/gdb/bugs/>...
Reading symbols from C:\Users\Lenovo\Documents\GitHub\C_activity_sets\set01\a.exe...done.
(gdb) b main
Breakpoint 1 at 0x40146e: file problem03.c, line 9.
(gdb) r
Starting program: C:\Users\Lenovo\Documents\GitHub\C_activity_sets\set01/a.exe
[New Thread 6772.0x36bc]
[New Thread 6772.0x6410]

Breakpoint 1, main () at problem03.c:9
9           num1=input();
(gdb) s
input () at problem03.c:18
18          printf("Enter a number:");
(gdb) s
Enter a number:19           scanf("%d",&num);
(gdb) s
quit
20          return num;
(gdb)
21      }
(gdb) quit
A debugging session is active.

        Inferior 1 [process 6772] will be killed.

Quit anyway? (y or n) y
error return ../../gdb-7.6.1/gdb/windows-nat.c:1275 was 5
PS C:\Users\Lenovo\Documents\GitHub\C_activity_sets\set01> 