PS C:\Users\Lenovo\Documents\GitHub\C_activity_sets\set01> gcc problem09.c -O0 -g
PS C:\Users\Lenovo\Documents\GitHub\C_activity_sets\set01> gdb a.exe     
GNU gdb (GDB) 7.6.1
Copyright (C) 2013 Free Software Foundation, Inc.
License GPLv3+: GNU GPL version 3 or later <http://gnu.org/licenses/gpl.html>
This is free software: you are free to change and redistribute it.
There is NO WARRANTY, to the extent permitted by law.  Type "show copying"
and "show warranty" for details.
This GDB was configured as "mingw32".
For bug reporting instructions, please see:
<http://www.gnu.org/software/gdb/bugs/>...
Reading symbols from C:\Users\Lenovo\Documents\GitHub\C_activity_sets\set01\a.exe...done.
(gdb) b main
Breakpoint 1 at 0x40146e: file problem09.c, line 12.
(gdb) r
Starting program: C:\Users\Lenovo\Documents\GitHub\C_activity_sets\set01/a.exe
[New Thread 21788.0x5580]
[New Thread 21788.0x40d4]

Breakpoint 1, main () at problem09.c:12
12          inp=input();
(gdb) s
input () at problem09.c:21
21          printf("enter the number\n");
(gdb) s
enter the number
22          scanf("%f", &inp);
(gdb) s
quit
23          return inp;
(gdb) quit
A debugging session is active.

        Inferior 1 [process 21788] will be killed.

Quit anyway? (y or n) y
error return ../../gdb-7.6.1/gdb/windows-nat.c:1275 was 5
PS C:\Users\Lenovo\Documents\GitHub\C_activity_sets\set01> 